3 7 2 9 4 6 8 1 5
4 8 6 3 5 1 9 7 2
1 9 5 7 8 2 4 6 3
9 1 4 5 6 8 2 3 7
5 6 7 4 2 3 1 8 9
2 3 8 1 7 9 6 5 4
8 5 1 2 3 4 7 9 6
7 2 9 6 1 5 3 4 8
6 4 3 8 9 7 5 2 1
