3 8 4 1 2 7 5 6
6 2 7 5 3 1 4 8
8 1 2 7 5 3 6 4
5 3 6 4 7 2 8 1
4 5 1 2 8 6 3 7
7 6 3 8 4 5 1 2
2 4 5 6 1 8 7 3
1 7 8 3 6 4 2 5
