 2  7  6  1  4  5  8  3  9 10
 8  9  5 10  3  4  7  6  1  2
 5  8  7  9  2  1 10  4  6  3
 4  1  3  6 10  8  9  2  5  7
 6  2  4  7  5  9  3  8 10  1
 1 10  8  3  9  7  2  5  4  6
 9  3  1  4  8 10  6  7  2  5
10  6  2  5  7  3  1  9  8  4
 7  5 10  8  6  2  4  1  3  9
 3  4  9  2  1  6  5 10  7  8
