 9  1  4  8  6  5  3  7  2 10
 2  3  7  5 10  6  4  9  8  1
 5  2 10  7  8  3  1  6  9  4
 6  9  3  4  1  7  8 10  5  2
 3  8  9  6  2  1 10  5  4  7
 4  7  1 10  5  2  9  8  3  6
 7  5  6  1  9  4  2  3 10  8
 8 10  2  3  4  9  7  1  6  5
 1  6  8  2  3 10  5  4  7  9
10  4  5  9  7  8  6  2  1  3
