5 4 6 2 3 1
2 1 3 4 5 6
1 3 4 5 6 2
6 5 2 1 4 3
4 6 1 3 2 5
3 2 5 6 1 4
