1 4 5 3 6 2
2 3 6 4 1 5
4 6 2 5 3 1
5 1 3 2 4 6
3 5 1 6 2 4
6 2 4 1 5 3
