 9  7  8  6 10  2  3  4  5  1
 4  3  2  5  1 10  6  9  8  7
 2  9  5  8  7  1  4 10  3  6
 3  6 10  1  4  9  8  7  2  5
 6  8  7  4  3  5  9  2  1 10
 5 10  1  2  9  3  7  6  4  8
 1  4  3  7  8  6  2  5 10  9
10  2  6  9  5  4  1  8  7  3
 7  5  9  3  2  8 10  1  6  4
 8  1  4 10  6  7  5  3  9  2
